// Jest Snapshot v1, https://goo.gl/fbAQLP

exports[`renders correctly 1`] = `
<div
  className="header p-2"
>
  <img
    alt="logo"
    className="logo"
    src="logo.png"
  />
  <nav
    className="nav-bar"
  >
    <h1>
      Space Travelers' Hub
    </h1>
    <ul
      className="nav-menu"
    >
      <li>
        <a
          activeclassname="active"
          className="rockets"
          href="/rockets"
          onClick={[Function]}
        >
          Rockets
        </a>
      </li>
      <li>
        <a
          activeclassname="active"
          className="mission "
          href="/missions"
          onClick={[Function]}
        >
          Missions
        </a>
      </li>
      <li>
        <a
          activeclassname="active"
          className="my-profile"
          href="/myprofile"
          onClick={[Function]}
        >
          My Profile
        </a>
      </li>
    </ul>
  </nav>
</div>
`;
